<html>
<body>
<pre>
<h1>µVision Build Log</h1>
<h2>Tool Versions:</h2>
IDE-Version: µVision V5.34.0.0
Copyright (C) 2021 ARM Ltd and ARM Germany GmbH. All rights reserved.
License Information: RUDRA KASTA, HP Inc., LIC=PE7DL-0JLHR-VE8HA-1PZ8K-NN00Q-ZZA0F
 
Tool Versions:
Toolchain:       MDK-ARM Plus  Version: 5.34.0.0
Toolchain Path:  C:\Keil_v5\ARM\ARMCC\Bin
C Compiler:      Armcc.exe V5.06 update 7 (build 960)
Assembler:       Armasm.exe V5.06 update 7 (build 960)
Linker/Locator:  ArmLink.exe V5.06 update 7 (build 960)
Library Manager: ArmAr.exe V5.06 update 7 (build 960)
Hex Converter:   FromElf.exe V5.06 update 7 (build 960)
CPU DLL:         SARMCM3.DLL V5.34.0.0
Dialog DLL:      DCM.DLL V1.17.3.0
Target DLL:      UL2CM3.DLL V1.163.9.0
Dialog DLL:      TCM.DLL V1.48.0.0
 
<h2>Project:</h2>
C:\Keil_v5\projects\STM32F103.uvprojx
Project File Date:  12/18/2024

<h2>Output:</h2>
*** Using Compiler 'V5.06 update 7 (build 960)', folder: 'C:\Keil_v5\ARM\ARMCC\Bin'
Build target 'Target 1'
compiling misc.c...
compiling STM32F103C_USART_DRIVER.c...
New folder\STM32F103C_USART_DRIVER.c(65): warning:  #9-D: nested comment is not allowed
  							/*///////// usart peripherial clock enable /////////*/
New folder\STM32F103C_USART_DRIVER.c(67): warning:  #9-D: nested comment is not allowed
  							/*//////////////////////////////////////////////////*/
New folder\STM32F103C_USART_DRIVER.c(70): warning:  #9-D: nested comment is not allowed
  																					/*//////////////////////////////////*/
New folder\STM32F103C_USART_DRIVER.c(71): warning:  #9-D: nested comment is not allowed
  																					/*/////////////USART_CR1_///////////*/
New folder\STM32F103C_USART_DRIVER.c(72): warning:  #9-D: nested comment is not allowed
  																					/*//////////////////////////////////*/
New folder\STM32F103C_USART_DRIVER.c(75): warning:  #9-D: nested comment is not allowed
  /*///////////////////////////////////////////////////// USART MODE SELECTION ////////////////////////////////////////////////////////*/
New folder\STM32F103C_USART_DRIVER.c(90): warning:  #9-D: nested comment is not allowed
  /*///////////////////////////////////////////////////// USART PARITY SELECTION ////////////////////////////////////////////////////*/
New folder\STM32F103C_USART_DRIVER.c(107): warning:  #9-D: nested comment is not allowed
  /*//////////////////////////////////////////////// USART WORD LENGTH SELECTION ////////////////////////////////////////////////////*/
New folder\STM32F103C_USART_DRIVER.c(118): warning:  #9-D: nested comment is not allowed
  			/*//////////////PROGRAMING THE CR1//////////////*/
New folder\STM32F103C_USART_DRIVER.c(120): warning:  #9-D: nested comment is not allowed
  			/*//////////////////////////////////////////////*/
New folder\STM32F103C_USART_DRIVER.c(123): warning:  #9-D: nested comment is not allowed
  																				 /*///////////////////////////////////////*/
New folder\STM32F103C_USART_DRIVER.c(124): warning:  #9-D: nested comment is not allowed
  																				 /*//////////////USART_CR2////////////////*/
New folder\STM32F103C_USART_DRIVER.c(125): warning:  #9-D: nested comment is not allowed
  																				 /*///////////////////////////////////////*/
New folder\STM32F103C_USART_DRIVER.c(128): warning:  #9-D: nested comment is not allowed
  /*////////////////////////////////////////////// USART NUMBER OF STOP BITS ////////////////////////////////////////////////*/
New folder\STM32F103C_USART_DRIVER.c(147): warning:  #9-D: nested comment is not allowed
  			/*//////////////PROGRAMING THE CR2//////////////*/
New folder\STM32F103C_USART_DRIVER.c(149): warning:  #9-D: nested comment is not allowed
  			/*//////////////////////////////////////////////*/
New folder\STM32F103C_USART_DRIVER.c(152): warning:  #9-D: nested comment is not allowed
  																				 /*///////////////////////////////////////*/
New folder\STM32F103C_USART_DRIVER.c(153): warning:  #9-D: nested comment is not allowed
  																				 /*//////////////USART_CR3////////////////*/
New folder\STM32F103C_USART_DRIVER.c(154): warning:  #9-D: nested comment is not allowed
  																				 /*///////////////////////////////////////*/
New folder\STM32F103C_USART_DRIVER.c(157): warning:  #9-D: nested comment is not allowed
  /*///////////////////////////////////////////// USART HW FLOW CONTROL //////////////////////////////////////////////////*/
New folder\STM32F103C_USART_DRIVER.c(176): warning:  #9-D: nested comment is not allowed
  			/*//////////////PROGRAMING THE CR3//////////////*/
New folder\STM32F103C_USART_DRIVER.c(178): warning:  #9-D: nested comment is not allowed
  			/*//////////////////////////////////////////////*/
New folder\STM32F103C_USART_DRIVER.c: 22 warnings, 0 errors
compiling STM32F103C_SPI_DRIVER.c...
New folder\STM32F103C_SPI_DRIVER.c(62): warning:  #9-D: nested comment is not allowed
  			/*////////////////////// SPI CLOCK ENABLE ////////////////////*/
New folder\STM32F103C_SPI_DRIVER.c(64): warning:  #9-D: nested comment is not allowed
  			/*////////////////////////////////////////////////////////////*/
New folder\STM32F103C_SPI_DRIVER.c(127): warning:  #550-D: parameter "TXbuffer"  was set but never used
  uint8_t SPI_communicate(SPI_TypeDef *pSPIx, uint8_t TXbuffer)
New folder\STM32F103C_SPI_DRIVER.c(224): warning:  #767-D: conversion from pointer to smaller integer
  								 (uint8_t)pTXbuffer++;
New folder\STM32F103C_SPI_DRIVER.c: 4 warnings, 0 errors
compiling USART_main_1.c...
USART_main_1.c(13): warning:  #9-D: nested comment is not allowed
  /*///////////////////////////////////////////////////////////////////////////////////////////////////////////////////////////////////*/
USART_main_1.c(14): warning:  #9-D: nested comment is not allowed
  /*////////////////////////////////////////////  CONFIGURING THE GPIO PIN AS USART PIN  //////////////////////////////////////////////*/
USART_main_1.c(15): warning:  #9-D: nested comment is not allowed
  /*///////////////////////////////////////////////////////////////////////////////////////////////////////////////////////////////////*/
USART_main_1.c(39): warning:  #9-D: nested comment is not allowed
  /*///////////////////////////////////////////////////////////////////////////////////////////////////////////////////////////////////*/
USART_main_1.c(40): warning:  #9-D: nested comment is not allowed
  /*///////////////////////////////////////////////////////////  MAIN FUNCTION  ///////////////////////////////////////////////////////*/
USART_main_1.c(41): warning:  #9-D: nested comment is not allowed
  /*///////////////////////////////////////////////////////////////////////////////////////////////////////////////////////////////////*/
USART_main_1.c(75): warning:  #9-D: nested comment is not allowed
  		/*
USART_main_1.c: 7 warnings, 0 errors
compiling stm32f10x_rcc.c...
compiling STM32F103C_TIMER_DRIVER.c...
compiling STM32F103C8T6_GPIO_DRIVER.c...
New folder\STM32F103C8T6_GPIO_DRIVER.c(172): warning:  #550-D: variable "ip_type"  was set but never used
  					uint32_t pin_no , mode , ip_type , op_type , port_no ;
New folder\STM32F103C8T6_GPIO_DRIVER.c(172): warning:  #550-D: variable "op_type"  was set but never used
  					uint32_t pin_no , mode , ip_type , op_type , port_no ;
New folder\STM32F103C8T6_GPIO_DRIVER.c(374): warning:  #223-D: function "memset" declared implicitly
  		memset(&LED,0,sizeof(LED));
New folder\STM32F103C8T6_GPIO_DRIVER.c(388): warning:  #223-D: function "memset" declared implicitly
  		memset(&button,0,sizeof(button));
New folder\STM32F103C8T6_GPIO_DRIVER.c: 4 warnings, 0 errors
assembling startup_stm32f10x_ld.s...
compiling stm32f10x_usart.c...
compiling system_stm32f10x.c...
linking...
Program Size: Code=1912 RO-data=252 RW-data=0 ZI-data=1656  
".\Objects\STM32F103.axf" - 0 Error(s), 37 Warning(s).

<h2>Software Packages used:</h2>

Package Vendor: ARM
                http://www.keil.com/pack/ARM.CMSIS.5.9.0.pack
                ARM.CMSIS.5.9.0
                CMSIS (Common Microcontroller Software Interface Standard)
   * Component: CORE Version: 5.6.0

Package Vendor: Keil
                https://www.keil.com/pack/Keil.STM32F1xx_DFP.2.4.1.pack
                Keil.STM32F1xx_DFP.2.4.1
                STMicroelectronics STM32F1 Series Device Support, Drivers and Examples
   * Component: Startup Version: 1.0.0
   * Component: Framework Version: 3.6.0
   * Component: RCC Version: 3.6.0
   * Component: USART Version: 3.6.0

<h2>Collection of Component include folders:</h2>
  .\RTE\Device\STM32F103C6
  .\RTE\_Target_1
  C:\Users\RUDRA KASTA\AppData\Local\Arm\Packs\ARM\CMSIS\5.9.0\CMSIS\Core\Include
  C:\Users\RUDRA KASTA\AppData\Local\Arm\Packs\Keil\STM32F1xx_DFP\2.4.1\Device\Include
  C:\Users\RUDRA KASTA\AppData\Local\Arm\Packs\Keil\STM32F1xx_DFP\2.4.1\Device\StdPeriph_Driver\inc

<h2>Collection of Component Files used:</h2>

   * Component: ARM::CMSIS:CORE:5.6.0

   * Component: Keil::Device:Startup:1.0.0
      Source file:   Device\Source\ARM\startup_stm32f10x_ld.s
      Source file:   Device\Source\system_stm32f10x.c
      Source file:   Device\Source\ARM\STM32F1xx_OPT.s
      Include file:  RTE_Driver\Config\RTE_Device.h

   * Component: Keil::Device:StdPeriph Drivers:Framework:3.6.0
      Include file:  Device\StdPeriph_Driver\inc\misc.h
      Source file:   Device\StdPeriph_Driver\templates\stm32f10x_conf.h
      Source file:   Device\StdPeriph_Driver\templates\stm32f10x_it.c
      Include file:  Device\StdPeriph_Driver\templates\stm32f10x_it.h
      Source file:   Device\StdPeriph_Driver\src\misc.c

   * Component: Keil::Device:StdPeriph Drivers:RCC:3.6.0
      Source file:   Device\StdPeriph_Driver\src\stm32f10x_rcc.c
      Include file:  Device\StdPeriph_Driver\inc\stm32f10x_rcc.h

   * Component: Keil::Device:StdPeriph Drivers:USART:3.6.0
      Include file:  Device\StdPeriph_Driver\inc\stm32f10x_usart.h
      Source file:   Device\StdPeriph_Driver\src\stm32f10x_usart.c
Build Time Elapsed:  00:00:02
</pre>
</body>
</html>
