Component: ARM Compiler 5.06 update 7 (build 960) Tool: armlink [4d3601]

==============================================================================

Section Cross References

    stm32f103c8t6_gpio_driver.o(i.GPIO_init) refers to stm32f103c8t6_gpio_driver.o(i.GPIO_periclockcontrol) for GPIO_periclockcontrol
    stm32f103c8t6_gpio_driver.o(i.GPIO_interrupt_init) refers to stm32f103c8t6_gpio_driver.o(i.GPIO_periclockcontrol) for GPIO_periclockcontrol
    stm32f103c_timer_driver.o(i.PWM_CH1) refers to stm32f103c_timer_driver.o(i.TIMER_init) for TIMER_init
    stm32f103c_timer_driver.o(i.PWM_CH1) refers to stm32f103c_timer_driver.o(i.TIMER_countercontrol) for TIMER_countercontrol
    stm32f103c_timer_driver.o(i.PWM_CH3) refers to stm32f103c_timer_driver.o(i.TIMER_init) for TIMER_init
    stm32f103c_timer_driver.o(i.PWM_CH3) refers to stm32f103c_timer_driver.o(i.TIMER_countercontrol) for TIMER_countercontrol
    stm32f103c_timer_driver.o(i.TIMER_delay_init) refers to stm32f103c_timer_driver.o(i.TIMER_periclockcontrol) for TIMER_periclockcontrol
    stm32f103c_timer_driver.o(i.TIMER_init) refers to stm32f103c_timer_driver.o(i.TIMER_periclockcontrol) for TIMER_periclockcontrol
    stm32f103c_timer_driver.o(i.delay) refers to stm32f103c_timer_driver.o(i.TIMER_delay_init) for TIMER_delay_init
    stm32f103c_timer_driver.o(i.delay) refers to stm32f103c_timer_driver.o(i.TIMER_countercontrol) for TIMER_countercontrol
    stm32f103c_timer_driver.o(i.delay) refers to stm32f103c_timer_driver.o(i.TIMER_getflagstatus) for TIMER_getflagstatus
    stm32f103c_usart_driver.o(i.USART_SendData) refers to stm32f103c_usart_driver.o(i.USART_getflagstatus) for USART_getflagstatus
    stm32f103c_usart_driver.o(i.USART_init) refers to stm32f103c_usart_driver.o(i.USART_periclockcontrol) for USART_periclockcontrol
    stm32f103c_usart_driver.o(i.USART_init) refers to stm32f103c_usart_driver.o(i.USART_peripherialcontrol) for USART_peripherialcontrol
    stm32f103c_usart_driver.o(i.USART_init) refers to stm32f103c_usart_driver.o(i.USART_set_baudrate) for USART_set_baudrate
    stm32f103c_usart_driver.o(i.USART_receivedata) refers to stm32f103c_usart_driver.o(i.USART_getflagstatus) for USART_getflagstatus
    stm32f103c_usart_driver.o(i.USART_transmitdata) refers to stm32f103c_usart_driver.o(i.USART_getflagstatus) for USART_getflagstatus
    stm32f103c_usart_driver.o(i.USART_transmitdata9bitstring) refers to stm32f103c_usart_driver.o(i.USART_getflagstatus) for USART_getflagstatus
    encoder.o(i.ENCODERinit) refers to stm32f103c_timer_driver.o(i.TIMER_periclockcontrol) for TIMER_periclockcontrol
    encoder.o(i.ENCODERinit) refers to stm32f103c8t6_gpio_driver.o(i.GPIO_init) for GPIO_init
    encoder.o(i.ENCODERinit) refers to stm32f103c_timer_driver.o(i.CaptureorCompare_ENABLE) for CaptureorCompare_ENABLE
    encoder.o(i.ENCODERinit) refers to stm32f103c_timer_driver.o(i.TIMER_init) for TIMER_init
    encoder.o(i.ENCODERinit) refers to stm32f103c_timer_driver.o(i.TIMER_countercontrol) for TIMER_countercontrol
    encoder.o(i.PID_controller_speed) refers to dflt_clz.o(x$fpl$dflt) for __aeabi_i2d
    encoder.o(i.PID_controller_speed) refers to daddsub_clz.o(x$fpl$drsb) for __aeabi_drsub
    encoder.o(i.PID_controller_speed) refers to dmul.o(x$fpl$dmul) for __aeabi_dmul
    encoder.o(i.PID_controller_speed) refers to daddsub_clz.o(x$fpl$dadd) for __aeabi_dadd
    encoder.o(i.PID_controller_speed) refers to daddsub_clz.o(x$fpl$dsub) for __aeabi_dsub
    encoder.o(i.PID_controller_speed) refers to drleqf.o(x$fpl$drleqf) for __aeabi_cdrcmple
    encoder.o(i.PID_controller_speed) refers to dleqf.o(x$fpl$dleqf) for __aeabi_cdcmple
    encoder.o(i.PID_controller_speed) refers to dfixu.o(x$fpl$dfixu) for __aeabi_d2uiz
    encoder.o(i.PID_controller_speed) refers to stm32f103c_usart_driver.o(i.USART_SendData) for USART_SendData
    encoder.o(i.PID_controller_speed) refers to encoder.o(.data) for error
    encoder.o(i.USART2config_send) refers to stm32f103c8t6_gpio_driver.o(i.GPIO_init) for GPIO_init
    encoder.o(i.USART2config_send) refers to stm32f103c_usart_driver.o(i.USART_init) for USART_init
    encoder.o(i.USART2config_send) refers to stm32f103c_usart_driver.o(i.USART_peripherialcontrol) for USART_peripherialcontrol
    encoder.o(i.main) refers to encoder.o(i.ENCODERinit) for ENCODERinit
    encoder.o(i.main) refers to encoder.o(i.USART2config_send) for USART2config_send
    encoder.o(i.main) refers to stm32f103c_usart_driver.o(i.USART_SendData) for USART_SendData
    encoder.o(i.main) refers to dflt_clz.o(x$fpl$dflt) for __aeabi_i2d
    encoder.o(i.main) refers to deqf.o(x$fpl$deqf) for __aeabi_cdcmpeq
    encoder.o(i.main) refers to encoder.o(i.PID_controller_speed) for PID_controller_speed
    encoder.o(i.main) refers to encoder.o(.data) for error
    startup_stm32f10x_md.o(STACK) refers (Special) to heapauxi.o(.text) for __use_two_region_memory
    startup_stm32f10x_md.o(HEAP) refers (Special) to heapauxi.o(.text) for __use_two_region_memory
    startup_stm32f10x_md.o(RESET) refers (Special) to heapauxi.o(.text) for __use_two_region_memory
    startup_stm32f10x_md.o(RESET) refers to startup_stm32f10x_md.o(STACK) for __initial_sp
    startup_stm32f10x_md.o(RESET) refers to startup_stm32f10x_md.o(.text) for Reset_Handler
    startup_stm32f10x_md.o(.text) refers (Special) to heapauxi.o(.text) for __use_two_region_memory
    startup_stm32f10x_md.o(.text) refers to system_stm32f10x.o(i.SystemInit) for SystemInit
    startup_stm32f10x_md.o(.text) refers to __main.o(!!!main) for __main
    startup_stm32f10x_md.o(.text) refers to startup_stm32f10x_md.o(HEAP) for Heap_Mem
    startup_stm32f10x_md.o(.text) refers to startup_stm32f10x_md.o(STACK) for Stack_Mem
    system_stm32f10x.o(i.SetSysClock) refers to system_stm32f10x.o(i.SetSysClockTo72) for SetSysClockTo72
    system_stm32f10x.o(i.SystemCoreClockUpdate) refers to system_stm32f10x.o(.data) for SystemCoreClock
    system_stm32f10x.o(i.SystemInit) refers to system_stm32f10x.o(i.SetSysClock) for SetSysClock
    __main.o(!!!main) refers to __rtentry.o(.ARM.Collect$$rtentry$$00000000) for __rt_entry
    daddsub_clz.o(x$fpl$dadd) refers (Special) to usenofp.o(x$fpl$usenofp) for __I$use$fp
    daddsub_clz.o(x$fpl$dadd) refers to daddsub_clz.o(x$fpl$dsub) for _dsub1
    daddsub_clz.o(x$fpl$dadd) refers to dretinf.o(x$fpl$dretinf) for __fpl_dretinf
    daddsub_clz.o(x$fpl$dadd) refers to dnaninf.o(x$fpl$dnaninf) for __fpl_dnaninf
    daddsub_clz.o(x$fpl$drsb) refers (Special) to usenofp.o(x$fpl$usenofp) for __I$use$fp
    daddsub_clz.o(x$fpl$drsb) refers to daddsub_clz.o(x$fpl$dadd) for _dadd1
    daddsub_clz.o(x$fpl$drsb) refers to daddsub_clz.o(x$fpl$dsub) for _dsub1
    daddsub_clz.o(x$fpl$dsub) refers (Special) to usenofp.o(x$fpl$usenofp) for __I$use$fp
    daddsub_clz.o(x$fpl$dsub) refers to daddsub_clz.o(x$fpl$dadd) for _dadd1
    daddsub_clz.o(x$fpl$dsub) refers to dnaninf.o(x$fpl$dnaninf) for __fpl_dnaninf
    deqf.o(x$fpl$deqf) refers (Special) to usenofp.o(x$fpl$usenofp) for __I$use$fp
    deqf.o(x$fpl$deqf) refers to dnaninf.o(x$fpl$dnaninf) for __fpl_dnaninf
    deqf.o(x$fpl$deqf) refers to dcmpi.o(x$fpl$dcmpinf) for __fpl_dcmp_Inf
    dfixu.o(x$fpl$dfixu) refers (Special) to usenofp.o(x$fpl$usenofp) for __I$use$fp
    dfixu.o(x$fpl$dfixu) refers to dnaninf.o(x$fpl$dnaninf) for __fpl_dnaninf
    dfixu.o(x$fpl$dfixur) refers (Special) to usenofp.o(x$fpl$usenofp) for __I$use$fp
    dfixu.o(x$fpl$dfixur) refers to dnaninf.o(x$fpl$dnaninf) for __fpl_dnaninf
    dflt_clz.o(x$fpl$dfltu) refers (Special) to usenofp.o(x$fpl$usenofp) for __I$use$fp
    dflt_clz.o(x$fpl$dflt) refers (Special) to usenofp.o(x$fpl$usenofp) for __I$use$fp
    dflt_clz.o(x$fpl$dfltn) refers (Special) to usenofp.o(x$fpl$usenofp) for __I$use$fp
    dleqf.o(x$fpl$dleqf) refers (Special) to usenofp.o(x$fpl$usenofp) for __I$use$fp
    dleqf.o(x$fpl$dleqf) refers to dnaninf.o(x$fpl$dnaninf) for __fpl_dnaninf
    dleqf.o(x$fpl$dleqf) refers to dcmpi.o(x$fpl$dcmpinf) for __fpl_dcmp_Inf
    dmul.o(x$fpl$dmul) refers (Special) to usenofp.o(x$fpl$usenofp) for __I$use$fp
    dmul.o(x$fpl$dmul) refers to dretinf.o(x$fpl$dretinf) for __fpl_dretinf
    dmul.o(x$fpl$dmul) refers to dnaninf.o(x$fpl$dnaninf) for __fpl_dnaninf
    drleqf.o(x$fpl$drleqf) refers (Special) to usenofp.o(x$fpl$usenofp) for __I$use$fp
    drleqf.o(x$fpl$drleqf) refers to dleqf.o(x$fpl$dleqf) for __fpl_dcmple_InfNaN
    __rtentry.o(.ARM.Collect$$rtentry$$00000000) refers (Special) to __rtentry2.o(.ARM.Collect$$rtentry$$0000000A) for __rt_entry_li
    __rtentry.o(.ARM.Collect$$rtentry$$00000000) refers (Special) to __rtentry2.o(.ARM.Collect$$rtentry$$0000000D) for __rt_entry_main
    __rtentry.o(.ARM.Collect$$rtentry$$00000000) refers (Special) to __rtentry2.o(.ARM.Collect$$rtentry$$0000000C) for __rt_entry_postli_1
    __rtentry.o(.ARM.Collect$$rtentry$$00000000) refers (Special) to __rtentry2.o(.ARM.Collect$$rtentry$$00000009) for __rt_entry_postsh_1
    __rtentry.o(.ARM.Collect$$rtentry$$00000000) refers (Special) to __rtentry2.o(.ARM.Collect$$rtentry$$00000002) for __rt_entry_presh_1
    __rtentry.o(.ARM.Collect$$rtentry$$00000000) refers (Special) to __rtentry4.o(.ARM.Collect$$rtentry$$00000004) for __rt_entry_sh
    dcmpi.o(x$fpl$dcmpinf) refers (Special) to usenofp.o(x$fpl$usenofp) for __I$use$fp
    dnaninf.o(x$fpl$dnaninf) refers (Special) to usenofp.o(x$fpl$usenofp) for __I$use$fp
    dretinf.o(x$fpl$dretinf) refers (Special) to usenofp.o(x$fpl$usenofp) for __I$use$fp
    __rtentry2.o(.ARM.Collect$$rtentry$$00000008) refers to boardinit2.o(.text) for _platform_post_stackheap_init
    __rtentry2.o(.ARM.Collect$$rtentry$$0000000A) refers to libinit.o(.ARM.Collect$$libinit$$00000000) for __rt_lib_init
    __rtentry2.o(.ARM.Collect$$rtentry$$0000000B) refers to boardinit3.o(.text) for _platform_post_lib_init
    __rtentry2.o(.ARM.Collect$$rtentry$$0000000D) refers to encoder.o(i.main) for main
    __rtentry2.o(.ARM.Collect$$rtentry$$0000000D) refers to exit.o(.text) for exit
    __rtentry2.o(.ARM.exidx) refers to __rtentry2.o(.ARM.Collect$$rtentry$$00000001) for .ARM.Collect$$rtentry$$00000001
    __rtentry2.o(.ARM.exidx) refers to __rtentry2.o(.ARM.Collect$$rtentry$$00000008) for .ARM.Collect$$rtentry$$00000008
    __rtentry2.o(.ARM.exidx) refers to __rtentry2.o(.ARM.Collect$$rtentry$$0000000A) for .ARM.Collect$$rtentry$$0000000A
    __rtentry2.o(.ARM.exidx) refers to __rtentry2.o(.ARM.Collect$$rtentry$$0000000B) for .ARM.Collect$$rtentry$$0000000B
    __rtentry2.o(.ARM.exidx) refers to __rtentry2.o(.ARM.Collect$$rtentry$$0000000D) for .ARM.Collect$$rtentry$$0000000D
    __rtentry4.o(.ARM.Collect$$rtentry$$00000004) refers to sys_stackheap_outer.o(.text) for __user_setup_stackheap
    __rtentry4.o(.ARM.exidx) refers to __rtentry4.o(.ARM.Collect$$rtentry$$00000004) for .ARM.Collect$$rtentry$$00000004
    sys_stackheap_outer.o(.text) refers to libspace.o(.text) for __user_perproc_libspace
    sys_stackheap_outer.o(.text) refers to startup_stm32f10x_md.o(.text) for __user_initial_stackheap
    exit.o(.text) refers to rtexit.o(.ARM.Collect$$rtexit$$00000000) for __rt_exit
    libinit.o(.ARM.Collect$$libinit$$00000000) refers (Special) to libinit2.o(.ARM.Collect$$libinit$$0000002E) for __rt_lib_init_alloca_1
    libinit.o(.ARM.Collect$$libinit$$00000000) refers (Special) to libinit2.o(.ARM.Collect$$libinit$$0000002C) for __rt_lib_init_argv_1
    libinit.o(.ARM.Collect$$libinit$$00000000) refers (Special) to libinit2.o(.ARM.Collect$$libinit$$0000001B) for __rt_lib_init_atexit_1
    libinit.o(.ARM.Collect$$libinit$$00000000) refers (Special) to libinit2.o(.ARM.Collect$$libinit$$00000021) for __rt_lib_init_clock_1
    libinit.o(.ARM.Collect$$libinit$$00000000) refers (Special) to libinit2.o(.ARM.Collect$$libinit$$00000032) for __rt_lib_init_cpp_1
    libinit.o(.ARM.Collect$$libinit$$00000000) refers (Special) to libinit2.o(.ARM.Collect$$libinit$$00000030) for __rt_lib_init_exceptions_1
    libinit.o(.ARM.Collect$$libinit$$00000000) refers (Special) to libinit2.o(.ARM.Collect$$libinit$$00000002) for __rt_lib_init_fp_1
    libinit.o(.ARM.Collect$$libinit$$00000000) refers (Special) to libinit2.o(.ARM.Collect$$libinit$$0000001F) for __rt_lib_init_fp_trap_1
    libinit.o(.ARM.Collect$$libinit$$00000000) refers (Special) to libinit2.o(.ARM.Collect$$libinit$$00000023) for __rt_lib_init_getenv_1
    libinit.o(.ARM.Collect$$libinit$$00000000) refers (Special) to libinit2.o(.ARM.Collect$$libinit$$0000000A) for __rt_lib_init_heap_1
    libinit.o(.ARM.Collect$$libinit$$00000000) refers (Special) to libinit2.o(.ARM.Collect$$libinit$$00000011) for __rt_lib_init_lc_collate_1
    libinit.o(.ARM.Collect$$libinit$$00000000) refers (Special) to libinit2.o(.ARM.Collect$$libinit$$00000013) for __rt_lib_init_lc_ctype_1
    libinit.o(.ARM.Collect$$libinit$$00000000) refers (Special) to libinit2.o(.ARM.Collect$$libinit$$00000015) for __rt_lib_init_lc_monetary_1
    libinit.o(.ARM.Collect$$libinit$$00000000) refers (Special) to libinit2.o(.ARM.Collect$$libinit$$00000017) for __rt_lib_init_lc_numeric_1
    libinit.o(.ARM.Collect$$libinit$$00000000) refers (Special) to libinit2.o(.ARM.Collect$$libinit$$00000019) for __rt_lib_init_lc_time_1
    libinit.o(.ARM.Collect$$libinit$$00000000) refers (Special) to libinit2.o(.ARM.Collect$$libinit$$00000004) for __rt_lib_init_preinit_1
    libinit.o(.ARM.Collect$$libinit$$00000000) refers (Special) to libinit2.o(.ARM.Collect$$libinit$$0000000E) for __rt_lib_init_rand_1
    libinit.o(.ARM.Collect$$libinit$$00000000) refers (Special) to libinit2.o(.ARM.Collect$$libinit$$00000033) for __rt_lib_init_return
    libinit.o(.ARM.Collect$$libinit$$00000000) refers (Special) to libinit2.o(.ARM.Collect$$libinit$$0000001D) for __rt_lib_init_signal_1
    libinit.o(.ARM.Collect$$libinit$$00000000) refers (Special) to libinit2.o(.ARM.Collect$$libinit$$00000025) for __rt_lib_init_stdio_1
    libinit.o(.ARM.Collect$$libinit$$00000000) refers (Special) to libinit2.o(.ARM.Collect$$libinit$$0000000C) for __rt_lib_init_user_alloc_1
    libspace.o(.text) refers to libspace.o(.bss) for __libspace_start
    rtexit.o(.ARM.Collect$$rtexit$$00000000) refers (Special) to rtexit2.o(.ARM.Collect$$rtexit$$00000004) for __rt_exit_exit
    rtexit.o(.ARM.Collect$$rtexit$$00000000) refers (Special) to rtexit2.o(.ARM.Collect$$rtexit$$00000003) for __rt_exit_ls
    rtexit.o(.ARM.Collect$$rtexit$$00000000) refers (Special) to rtexit2.o(.ARM.Collect$$rtexit$$00000002) for __rt_exit_prels_1
    rtexit.o(.ARM.exidx) refers (Special) to rtexit2.o(.ARM.Collect$$rtexit$$00000004) for __rt_exit_exit
    rtexit.o(.ARM.exidx) refers (Special) to rtexit2.o(.ARM.Collect$$rtexit$$00000003) for __rt_exit_ls
    rtexit.o(.ARM.exidx) refers (Special) to rtexit2.o(.ARM.Collect$$rtexit$$00000002) for __rt_exit_prels_1
    rtexit.o(.ARM.exidx) refers to rtexit.o(.ARM.Collect$$rtexit$$00000000) for .ARM.Collect$$rtexit$$00000000
    libinit2.o(.ARM.Collect$$libinit$$00000010) refers to libinit2.o(.ARM.Collect$$libinit$$0000000F) for .ARM.Collect$$libinit$$0000000F
    libinit2.o(.ARM.Collect$$libinit$$00000012) refers to libinit2.o(.ARM.Collect$$libinit$$0000000F) for .ARM.Collect$$libinit$$0000000F
    libinit2.o(.ARM.Collect$$libinit$$00000014) refers to libinit2.o(.ARM.Collect$$libinit$$0000000F) for .ARM.Collect$$libinit$$0000000F
    libinit2.o(.ARM.Collect$$libinit$$00000016) refers to libinit2.o(.ARM.Collect$$libinit$$0000000F) for .ARM.Collect$$libinit$$0000000F
    libinit2.o(.ARM.Collect$$libinit$$00000018) refers to libinit2.o(.ARM.Collect$$libinit$$0000000F) for .ARM.Collect$$libinit$$0000000F
    libinit2.o(.ARM.Collect$$libinit$$00000026) refers to argv_veneer.o(.emb_text) for __ARM_argv_veneer
    libinit2.o(.ARM.Collect$$libinit$$00000027) refers to argv_veneer.o(.emb_text) for __ARM_argv_veneer
    rtexit2.o(.ARM.Collect$$rtexit$$00000003) refers to libshutdown.o(.ARM.Collect$$libshutdown$$00000000) for __rt_lib_shutdown
    rtexit2.o(.ARM.Collect$$rtexit$$00000004) refers to sys_exit.o(.text) for _sys_exit
    rtexit2.o(.ARM.exidx) refers to rtexit2.o(.ARM.Collect$$rtexit$$00000001) for .ARM.Collect$$rtexit$$00000001
    rtexit2.o(.ARM.exidx) refers to rtexit2.o(.ARM.Collect$$rtexit$$00000003) for .ARM.Collect$$rtexit$$00000003
    rtexit2.o(.ARM.exidx) refers to rtexit2.o(.ARM.Collect$$rtexit$$00000004) for .ARM.Collect$$rtexit$$00000004
    argv_veneer.o(.emb_text) refers to no_argv.o(.text) for __ARM_get_argv
    sys_exit.o(.text) refers (Special) to use_no_semi.o(.text) for __I$use$semihosting
    sys_exit.o(.text) refers (Special) to indicate_semi.o(.text) for __semihosting_library_function
    _get_argv_nomalloc.o(.text) refers (Special) to hrguard.o(.text) for __heap_region$guard
    _get_argv_nomalloc.o(.text) refers to defsig_rtmem_outer.o(.text) for __rt_SIGRTMEM
    _get_argv_nomalloc.o(.text) refers to sys_command.o(.text) for _sys_command_string
    libshutdown.o(.ARM.Collect$$libshutdown$$00000000) refers (Special) to libshutdown2.o(.ARM.Collect$$libshutdown$$00000004) for __rt_lib_shutdown_cpp_1
    libshutdown.o(.ARM.Collect$$libshutdown$$00000000) refers (Special) to libshutdown2.o(.ARM.Collect$$libshutdown$$00000002) for __rt_lib_shutdown_fini_1
    libshutdown.o(.ARM.Collect$$libshutdown$$00000000) refers (Special) to libshutdown2.o(.ARM.Collect$$libshutdown$$00000009) for __rt_lib_shutdown_fp_trap_1
    libshutdown.o(.ARM.Collect$$libshutdown$$00000000) refers (Special) to libshutdown2.o(.ARM.Collect$$libshutdown$$00000011) for __rt_lib_shutdown_heap_1
    libshutdown.o(.ARM.Collect$$libshutdown$$00000000) refers (Special) to libshutdown2.o(.ARM.Collect$$libshutdown$$00000012) for __rt_lib_shutdown_return
    libshutdown.o(.ARM.Collect$$libshutdown$$00000000) refers (Special) to libshutdown2.o(.ARM.Collect$$libshutdown$$0000000C) for __rt_lib_shutdown_signal_1
    libshutdown.o(.ARM.Collect$$libshutdown$$00000000) refers (Special) to libshutdown2.o(.ARM.Collect$$libshutdown$$00000006) for __rt_lib_shutdown_stdio_1
    libshutdown.o(.ARM.Collect$$libshutdown$$00000000) refers (Special) to libshutdown2.o(.ARM.Collect$$libshutdown$$0000000E) for __rt_lib_shutdown_user_alloc_1
    sys_command.o(.text) refers (Special) to use_no_semi.o(.text) for __I$use$semihosting
    sys_command.o(.text) refers (Special) to indicate_semi.o(.text) for __semihosting_library_function
    defsig_rtmem_outer.o(.text) refers to defsig_rtmem_inner.o(.text) for __rt_SIGRTMEM_inner
    defsig_rtmem_outer.o(.text) refers to defsig_exit.o(.text) for __sig_exit
    defsig_rtmem_formal.o(.text) refers to rt_raise.o(.text) for __rt_raise
    rt_raise.o(.text) refers to __raise.o(.text) for __raise
    rt_raise.o(.text) refers to sys_exit.o(.text) for _sys_exit
    defsig_exit.o(.text) refers to sys_exit.o(.text) for _sys_exit
    defsig_rtmem_inner.o(.text) refers to defsig_general.o(.text) for __default_signal_display
    __raise.o(.text) refers to defsig.o(CL$$defsig) for __default_signal_handler
    defsig_general.o(.text) refers to sys_wrch.o(.text) for _ttywrch
    sys_wrch.o(.text) refers (Special) to use_no_semi.o(.text) for __I$use$semihosting
    sys_wrch.o(.text) refers (Special) to indicate_semi.o(.text) for __semihosting_library_function
    defsig.o(CL$$defsig) refers to defsig_rtmem_inner.o(.text) for __rt_SIGRTMEM_inner
    defsig_abrt_inner.o(.text) refers to defsig_general.o(.text) for __default_signal_display
    defsig_fpe_inner.o(.text) refers to defsig_general.o(.text) for __default_signal_display
    defsig_rtred_inner.o(.text) refers to defsig_general.o(.text) for __default_signal_display
    defsig_stak_inner.o(.text) refers to defsig_general.o(.text) for __default_signal_display
    defsig_pvfn_inner.o(.text) refers to defsig_general.o(.text) for __default_signal_display
    defsig_cppl_inner.o(.text) refers to defsig_general.o(.text) for __default_signal_display
    defsig_segv_inner.o(.text) refers to defsig_general.o(.text) for __default_signal_display
    defsig_other.o(.text) refers to defsig_general.o(.text) for __default_signal_display


==============================================================================

Removing Unused input sections from the image.

    Removing stm32f103c8t6_gpio_driver.o(.rev16_text), (4 bytes).
    Removing stm32f103c8t6_gpio_driver.o(.revsh_text), (4 bytes).
    Removing stm32f103c8t6_gpio_driver.o(.rrx_text), (6 bytes).
    Removing stm32f103c8t6_gpio_driver.o(i.GPIO_IRQhandling), (32 bytes).
    Removing stm32f103c8t6_gpio_driver.o(i.GPIO_Read), (12 bytes).
    Removing stm32f103c8t6_gpio_driver.o(i.GPIO_ReadPort), (8 bytes).
    Removing stm32f103c8t6_gpio_driver.o(i.GPIO_Toggle), (12 bytes).
    Removing stm32f103c8t6_gpio_driver.o(i.GPIO_Write), (30 bytes).
    Removing stm32f103c8t6_gpio_driver.o(i.GPIO_interrupt_init), (212 bytes).
    Removing stm32f103c_timer_driver.o(.rev16_text), (4 bytes).
    Removing stm32f103c_timer_driver.o(.revsh_text), (4 bytes).
    Removing stm32f103c_timer_driver.o(.rrx_text), (6 bytes).
    Removing stm32f103c_timer_driver.o(i.ENCODER_DIR_read), (16 bytes).
    Removing stm32f103c_timer_driver.o(i.PWM_CH1), (96 bytes).
    Removing stm32f103c_timer_driver.o(i.PWM_CH3), (96 bytes).
    Removing stm32f103c_timer_driver.o(i.TIMER_delay_init), (46 bytes).
    Removing stm32f103c_timer_driver.o(i.TIMER_getflagstatus), (16 bytes).
    Removing stm32f103c_timer_driver.o(i.delay), (72 bytes).
    Removing stm32f103c_usart_driver.o(.rev16_text), (4 bytes).
    Removing stm32f103c_usart_driver.o(.revsh_text), (4 bytes).
    Removing stm32f103c_usart_driver.o(.rrx_text), (6 bytes).
    Removing stm32f103c_usart_driver.o(i.USART_receivedata), (96 bytes).
    Removing stm32f103c_usart_driver.o(i.USART_transmitdata), (98 bytes).
    Removing stm32f103c_usart_driver.o(i.USART_transmitdata9bitstring), (68 bytes).
    Removing encoder.o(.rev16_text), (4 bytes).
    Removing encoder.o(.revsh_text), (4 bytes).
    Removing encoder.o(.rrx_text), (6 bytes).
    Removing system_stm32f10x.o(.rev16_text), (4 bytes).
    Removing system_stm32f10x.o(.revsh_text), (4 bytes).
    Removing system_stm32f10x.o(.rrx_text), (6 bytes).
    Removing system_stm32f10x.o(i.SystemCoreClockUpdate), (164 bytes).
    Removing system_stm32f10x.o(.data), (20 bytes).

32 unused section(s) (total 1164 bytes) removed from the image.

==============================================================================

Image Symbol Table

    Local Symbols

    Symbol Name                              Value     Ov Type        Size  Object(Section)

    ../clib/angel/boardlib.s                 0x00000000   Number         0  boardshut.o ABSOLUTE
    ../clib/angel/boardlib.s                 0x00000000   Number         0  boardinit1.o ABSOLUTE
    ../clib/angel/boardlib.s                 0x00000000   Number         0  boardinit2.o ABSOLUTE
    ../clib/angel/boardlib.s                 0x00000000   Number         0  boardinit3.o ABSOLUTE
    ../clib/angel/handlers.s                 0x00000000   Number         0  __scatter_copy.o ABSOLUTE
    ../clib/angel/handlers.s                 0x00000000   Number         0  __scatter_zi.o ABSOLUTE
    ../clib/angel/kernel.s                   0x00000000   Number         0  __rtentry.o ABSOLUTE
    ../clib/angel/kernel.s                   0x00000000   Number         0  rtexit.o ABSOLUTE
    ../clib/angel/kernel.s                   0x00000000   Number         0  __rtentry2.o ABSOLUTE
    ../clib/angel/kernel.s                   0x00000000   Number         0  rtexit2.o ABSOLUTE
    ../clib/angel/kernel.s                   0x00000000   Number         0  __rtentry4.o ABSOLUTE
    ../clib/angel/rt.s                       0x00000000   Number         0  rt_raise.o ABSOLUTE
    ../clib/angel/scatter.s                  0x00000000   Number         0  __scatter.o ABSOLUTE
    ../clib/angel/startup.s                  0x00000000   Number         0  __main.o ABSOLUTE
    ../clib/angel/sys.s                      0x00000000   Number         0  use_no_semi.o ABSOLUTE
    ../clib/angel/sys.s                      0x00000000   Number         0  indicate_semi.o ABSOLUTE
    ../clib/angel/sys.s                      0x00000000   Number         0  libspace.o ABSOLUTE
    ../clib/angel/sys.s                      0x00000000   Number         0  sys_stackheap_outer.o ABSOLUTE
    ../clib/angel/sysapp.c                   0x00000000   Number         0  sys_exit.o ABSOLUTE
    ../clib/angel/sysapp.c                   0x00000000   Number         0  sys_command.o ABSOLUTE
    ../clib/angel/sysapp.c                   0x00000000   Number         0  sys_wrch.o ABSOLUTE
    ../clib/armsys.c                         0x00000000   Number         0  argv_veneer.o ABSOLUTE
    ../clib/armsys.c                         0x00000000   Number         0  argv_veneer.o ABSOLUTE
    ../clib/armsys.c                         0x00000000   Number         0  no_argv.o ABSOLUTE
    ../clib/armsys.c                         0x00000000   Number         0  _get_argv_nomalloc.o ABSOLUTE
    ../clib/heapalloc.c                      0x00000000   Number         0  hrguard.o ABSOLUTE
    ../clib/heapaux.c                        0x00000000   Number         0  heapauxi.o ABSOLUTE
    ../clib/libinit.s                        0x00000000   Number         0  libinit.o ABSOLUTE
    ../clib/libinit.s                        0x00000000   Number         0  libinit2.o ABSOLUTE
    ../clib/libinit.s                        0x00000000   Number         0  libshutdown2.o ABSOLUTE
    ../clib/libinit.s                        0x00000000   Number         0  libshutdown.o ABSOLUTE
    ../clib/signal.c                         0x00000000   Number         0  defsig_other.o ABSOLUTE
    ../clib/signal.c                         0x00000000   Number         0  defsig_segv_inner.o ABSOLUTE
    ../clib/signal.c                         0x00000000   Number         0  defsig_cppl_inner.o ABSOLUTE
    ../clib/signal.c                         0x00000000   Number         0  defsig_pvfn_inner.o ABSOLUTE
    ../clib/signal.c                         0x00000000   Number         0  defsig_rtmem_inner.o ABSOLUTE
    ../clib/signal.c                         0x00000000   Number         0  defsig_rtmem_formal.o ABSOLUTE
    ../clib/signal.c                         0x00000000   Number         0  defsig_rtmem_outer.o ABSOLUTE
    ../clib/signal.c                         0x00000000   Number         0  __raise.o ABSOLUTE
    ../clib/signal.c                         0x00000000   Number         0  defsig_general.o ABSOLUTE
    ../clib/signal.c                         0x00000000   Number         0  defsig_exit.o ABSOLUTE
    ../clib/signal.c                         0x00000000   Number         0  defsig_abrt_inner.o ABSOLUTE
    ../clib/signal.c                         0x00000000   Number         0  defsig_fpe_inner.o ABSOLUTE
    ../clib/signal.c                         0x00000000   Number         0  defsig_rtred_inner.o ABSOLUTE
    ../clib/signal.c                         0x00000000   Number         0  defsig_stak_inner.o ABSOLUTE
    ../clib/signal.s                         0x00000000   Number         0  defsig.o ABSOLUTE
    ../clib/stdlib.c                         0x00000000   Number         0  exit.o ABSOLUTE
    ../fplib/daddsub.s                       0x00000000   Number         0  daddsub_clz.o ABSOLUTE
    ../fplib/dcmpi.s                         0x00000000   Number         0  dcmpi.o ABSOLUTE
    ../fplib/deqf.s                          0x00000000   Number         0  deqf.o ABSOLUTE
    ../fplib/dfixu.s                         0x00000000   Number         0  dfixu.o ABSOLUTE
    ../fplib/dflt.s                          0x00000000   Number         0  dflt_clz.o ABSOLUTE
    ../fplib/dleqf.s                         0x00000000   Number         0  dleqf.o ABSOLUTE
    ../fplib/dmul.s                          0x00000000   Number         0  dmul.o ABSOLUTE
    ../fplib/dnaninf.s                       0x00000000   Number         0  dnaninf.o ABSOLUTE
    ../fplib/dretinf.s                       0x00000000   Number         0  dretinf.o ABSOLUTE
    ../fplib/drleqf.s                        0x00000000   Number         0  drleqf.o ABSOLUTE
    ../fplib/fpinit.s                        0x00000000   Number         0  fpinit.o ABSOLUTE
    ../fplib/usenofp.s                       0x00000000   Number         0  usenofp.o ABSOLUTE
    ENCODER.c                                0x00000000   Number         0  encoder.o ABSOLUTE
    ENCODER.c                                0x00000000   Number         0  encoder.o ABSOLUTE
    RTE\Device\STM32F103C8\startup_stm32f10x_md.s 0x00000000   Number         0  startup_stm32f10x_md.o ABSOLUTE
    RTE\Device\STM32F103C8\system_stm32f10x.c 0x00000000   Number         0  system_stm32f10x.o ABSOLUTE
    RTE\\Device\\STM32F103C8\\system_stm32f10x.c 0x00000000   Number         0  system_stm32f10x.o ABSOLUTE
    STM32F103C8T6_GPIO_DRIVER.c              0x00000000   Number         0  stm32f103c8t6_gpio_driver.o ABSOLUTE
    STM32F103C8T6_GPIO_DRIVER.c              0x00000000   Number         0  stm32f103c8t6_gpio_driver.o ABSOLUTE
    STM32F103C_TIMER_DRIVER.c                0x00000000   Number         0  stm32f103c_timer_driver.o ABSOLUTE
    STM32F103C_TIMER_DRIVER.c                0x00000000   Number         0  stm32f103c_timer_driver.o ABSOLUTE
    STM32F103C_USART_DRIVER.c                0x00000000   Number         0  stm32f103c_usart_driver.o ABSOLUTE
    STM32F103C_USART_DRIVER.c                0x00000000   Number         0  stm32f103c_usart_driver.o ABSOLUTE
    dc.s                                     0x00000000   Number         0  dc.o ABSOLUTE
    RESET                                    0x08000000   Section      236  startup_stm32f10x_md.o(RESET)
    !!!main                                  0x080000ec   Section        8  __main.o(!!!main)
    !!!scatter                               0x080000f4   Section       52  __scatter.o(!!!scatter)
    !!handler_copy                           0x08000128   Section       26  __scatter_copy.o(!!handler_copy)
    !!handler_zi                             0x08000144   Section       28  __scatter_zi.o(!!handler_zi)
    .ARM.Collect$$libinit$$00000000          0x08000160   Section        2  libinit.o(.ARM.Collect$$libinit$$00000000)
    .ARM.Collect$$libinit$$00000002          0x08000162   Section        0  libinit2.o(.ARM.Collect$$libinit$$00000002)
    .ARM.Collect$$libinit$$00000004          0x08000162   Section        0  libinit2.o(.ARM.Collect$$libinit$$00000004)
    .ARM.Collect$$libinit$$0000000A          0x08000162   Section        0  libinit2.o(.ARM.Collect$$libinit$$0000000A)
    .ARM.Collect$$libinit$$0000000C          0x08000162   Section        0  libinit2.o(.ARM.Collect$$libinit$$0000000C)
    .ARM.Collect$$libinit$$0000000E          0x08000162   Section        0  libinit2.o(.ARM.Collect$$libinit$$0000000E)
    .ARM.Collect$$libinit$$00000011          0x08000162   Section        0  libinit2.o(.ARM.Collect$$libinit$$00000011)
    .ARM.Collect$$libinit$$00000013          0x08000162   Section        0  libinit2.o(.ARM.Collect$$libinit$$00000013)
    .ARM.Collect$$libinit$$00000015          0x08000162   Section        0  libinit2.o(.ARM.Collect$$libinit$$00000015)
    .ARM.Collect$$libinit$$00000017          0x08000162   Section        0  libinit2.o(.ARM.Collect$$libinit$$00000017)
    .ARM.Collect$$libinit$$00000019          0x08000162   Section        0  libinit2.o(.ARM.Collect$$libinit$$00000019)
    .ARM.Collect$$libinit$$0000001B          0x08000162   Section        0  libinit2.o(.ARM.Collect$$libinit$$0000001B)
    .ARM.Collect$$libinit$$0000001D          0x08000162   Section        0  libinit2.o(.ARM.Collect$$libinit$$0000001D)
    .ARM.Collect$$libinit$$0000001F          0x08000162   Section        0  libinit2.o(.ARM.Collect$$libinit$$0000001F)
    .ARM.Collect$$libinit$$00000021          0x08000162   Section        0  libinit2.o(.ARM.Collect$$libinit$$00000021)
    .ARM.Collect$$libinit$$00000023          0x08000162   Section        0  libinit2.o(.ARM.Collect$$libinit$$00000023)
    .ARM.Collect$$libinit$$00000025          0x08000162   Section        0  libinit2.o(.ARM.Collect$$libinit$$00000025)
    .ARM.Collect$$libinit$$0000002C          0x08000162   Section        0  libinit2.o(.ARM.Collect$$libinit$$0000002C)
    .ARM.Collect$$libinit$$0000002E          0x08000162   Section        0  libinit2.o(.ARM.Collect$$libinit$$0000002E)
    .ARM.Collect$$libinit$$00000030          0x08000162   Section        0  libinit2.o(.ARM.Collect$$libinit$$00000030)
    .ARM.Collect$$libinit$$00000032          0x08000162   Section        0  libinit2.o(.ARM.Collect$$libinit$$00000032)
    .ARM.Collect$$libinit$$00000033          0x08000162   Section        2  libinit2.o(.ARM.Collect$$libinit$$00000033)
    .ARM.Collect$$libshutdown$$00000000      0x08000164   Section        2  libshutdown.o(.ARM.Collect$$libshutdown$$00000000)
    .ARM.Collect$$libshutdown$$00000002      0x08000166   Section        0  libshutdown2.o(.ARM.Collect$$libshutdown$$00000002)
    .ARM.Collect$$libshutdown$$00000004      0x08000166   Section        0  libshutdown2.o(.ARM.Collect$$libshutdown$$00000004)
    .ARM.Collect$$libshutdown$$00000006      0x08000166   Section        0  libshutdown2.o(.ARM.Collect$$libshutdown$$00000006)
    .ARM.Collect$$libshutdown$$00000009      0x08000166   Section        0  libshutdown2.o(.ARM.Collect$$libshutdown$$00000009)
    .ARM.Collect$$libshutdown$$0000000C      0x08000166   Section        0  libshutdown2.o(.ARM.Collect$$libshutdown$$0000000C)
    .ARM.Collect$$libshutdown$$0000000E      0x08000166   Section        0  libshutdown2.o(.ARM.Collect$$libshutdown$$0000000E)
    .ARM.Collect$$libshutdown$$00000011      0x08000166   Section        0  libshutdown2.o(.ARM.Collect$$libshutdown$$00000011)
    .ARM.Collect$$libshutdown$$00000012      0x08000166   Section        2  libshutdown2.o(.ARM.Collect$$libshutdown$$00000012)
    .ARM.Collect$$rtentry$$00000000          0x08000168   Section        0  __rtentry.o(.ARM.Collect$$rtentry$$00000000)
    .ARM.Collect$$rtentry$$00000002          0x08000168   Section        0  __rtentry2.o(.ARM.Collect$$rtentry$$00000002)
    .ARM.Collect$$rtentry$$00000004          0x08000168   Section        6  __rtentry4.o(.ARM.Collect$$rtentry$$00000004)
    .ARM.Collect$$rtentry$$00000009          0x0800016e   Section        0  __rtentry2.o(.ARM.Collect$$rtentry$$00000009)
    .ARM.Collect$$rtentry$$0000000A          0x0800016e   Section        4  __rtentry2.o(.ARM.Collect$$rtentry$$0000000A)
    .ARM.Collect$$rtentry$$0000000C          0x08000172   Section        0  __rtentry2.o(.ARM.Collect$$rtentry$$0000000C)
    .ARM.Collect$$rtentry$$0000000D          0x08000172   Section        8  __rtentry2.o(.ARM.Collect$$rtentry$$0000000D)
    .ARM.Collect$$rtexit$$00000000           0x0800017a   Section        2  rtexit.o(.ARM.Collect$$rtexit$$00000000)
    .ARM.Collect$$rtexit$$00000002           0x0800017c   Section        0  rtexit2.o(.ARM.Collect$$rtexit$$00000002)
    .ARM.Collect$$rtexit$$00000003           0x0800017c   Section        4  rtexit2.o(.ARM.Collect$$rtexit$$00000003)
    .ARM.Collect$$rtexit$$00000004           0x08000180   Section        6  rtexit2.o(.ARM.Collect$$rtexit$$00000004)
    .text                                    0x08000188   Section       64  startup_stm32f10x_md.o(.text)
    .text                                    0x080001c8   Section        0  heapauxi.o(.text)
    .text                                    0x080001ce   Section       74  sys_stackheap_outer.o(.text)
    .text                                    0x08000218   Section        0  exit.o(.text)
    .text                                    0x0800022c   Section        8  libspace.o(.text)
    .text                                    0x08000234   Section        0  sys_exit.o(.text)
    .text                                    0x08000240   Section        2  use_no_semi.o(.text)
    .text                                    0x08000242   Section        0  indicate_semi.o(.text)
    i.CaptureorCompare_ENABLE                0x08000242   Section        0  stm32f103c_timer_driver.o(i.CaptureorCompare_ENABLE)
    i.ENCODERinit                            0x08000254   Section        0  encoder.o(i.ENCODERinit)
    i.GPIO_init                              0x080002c4   Section        0  stm32f103c8t6_gpio_driver.o(i.GPIO_init)
    i.GPIO_periclockcontrol                  0x08000388   Section        0  stm32f103c8t6_gpio_driver.o(i.GPIO_periclockcontrol)
    i.PID_controller_speed                   0x080004c4   Section        0  encoder.o(i.PID_controller_speed)
    i.SetSysClock                            0x080005f0   Section        0  system_stm32f10x.o(i.SetSysClock)
    SetSysClock                              0x080005f1   Thumb Code     8  system_stm32f10x.o(i.SetSysClock)
    i.SetSysClockTo72                        0x080005f8   Section        0  system_stm32f10x.o(i.SetSysClockTo72)
    SetSysClockTo72                          0x080005f9   Thumb Code   214  system_stm32f10x.o(i.SetSysClockTo72)
    i.SystemInit                             0x080006d8   Section        0  system_stm32f10x.o(i.SystemInit)
    i.TIMER_countercontrol                   0x08000738   Section        0  stm32f103c_timer_driver.o(i.TIMER_countercontrol)
    i.TIMER_init                             0x08000750   Section        0  stm32f103c_timer_driver.o(i.TIMER_init)
    i.TIMER_periclockcontrol                 0x080008d0   Section        0  stm32f103c_timer_driver.o(i.TIMER_periclockcontrol)
    i.USART2config_send                      0x08000984   Section        0  encoder.o(i.USART2config_send)
    i.USART_SendData                         0x080009e0   Section        0  stm32f103c_usart_driver.o(i.USART_SendData)
    i.USART_getflagstatus                    0x08000a0c   Section        0  stm32f103c_usart_driver.o(i.USART_getflagstatus)
    i.USART_init                             0x08000a1c   Section        0  stm32f103c_usart_driver.o(i.USART_init)
    i.USART_periclockcontrol                 0x08000b30   Section        0  stm32f103c_usart_driver.o(i.USART_periclockcontrol)
    i.USART_peripherialcontrol               0x08000bbc   Section        0  stm32f103c_usart_driver.o(i.USART_peripherialcontrol)
    i.USART_set_baudrate                     0x08000bd4   Section        0  stm32f103c_usart_driver.o(i.USART_set_baudrate)
    i.main                                   0x08000c6c   Section        0  encoder.o(i.main)
    x$fpl$dadd                               0x08000cc8   Section      336  daddsub_clz.o(x$fpl$dadd)
    _dadd1                                   0x08000cd9   Thumb Code     0  daddsub_clz.o(x$fpl$dadd)
    x$fpl$dcmpinf                            0x08000e18   Section       24  dcmpi.o(x$fpl$dcmpinf)
    x$fpl$deqf                               0x08000e30   Section      120  deqf.o(x$fpl$deqf)
    x$fpl$dfixu                              0x08000ea8   Section       90  dfixu.o(x$fpl$dfixu)
    x$fpl$dflt                               0x08000f02   Section       46  dflt_clz.o(x$fpl$dflt)
    x$fpl$dleqf                              0x08000f30   Section      120  dleqf.o(x$fpl$dleqf)
    x$fpl$dmul                               0x08000fa8   Section      340  dmul.o(x$fpl$dmul)
    x$fpl$dnaninf                            0x080010fc   Section      156  dnaninf.o(x$fpl$dnaninf)
    x$fpl$dretinf                            0x08001198   Section       12  dretinf.o(x$fpl$dretinf)
    x$fpl$drleqf                             0x080011a4   Section      108  drleqf.o(x$fpl$drleqf)
    x$fpl$drsb                               0x08001210   Section       22  daddsub_clz.o(x$fpl$drsb)
    x$fpl$dsub                               0x08001228   Section      468  daddsub_clz.o(x$fpl$dsub)
    _dsub1                                   0x08001239   Thumb Code     0  daddsub_clz.o(x$fpl$dsub)
    x$fpl$usenofp                            0x080013fc   Section        0  usenofp.o(x$fpl$usenofp)
    .data                                    0x20000000   Section       68  encoder.o(.data)
    .bss                                     0x20000044   Section       96  libspace.o(.bss)
    HEAP                                     0x200000a8   Section      512  startup_stm32f10x_md.o(HEAP)
    Heap_Mem                                 0x200000a8   Data         512  startup_stm32f10x_md.o(HEAP)
    STACK                                    0x200002a8   Section     1024  startup_stm32f10x_md.o(STACK)
    Stack_Mem                                0x200002a8   Data        1024  startup_stm32f10x_md.o(STACK)
    __initial_sp                             0x200006a8   Data           0  startup_stm32f10x_md.o(STACK)

    Global Symbols

    Symbol Name                              Value     Ov Type        Size  Object(Section)

    BuildAttributes$$THM_ISAv4$P$D$K$B$S$PE$A:L22UL41UL21$X:L11$S22US41US21$IEEE1$IW$USESV6$~STKCKD$USESV7$~SHL$OSPACE$ROPI$EBA8$UX$STANDARDLIB$REQ8$PRES8$EABIv2 0x00000000   Number         0  anon$$obj.o ABSOLUTE
    __ARM_use_no_argv                        0x00000000   Number         0  encoder.o ABSOLUTE
    __ARM_exceptions_init                     - Undefined Weak Reference
    __alloca_initialize                       - Undefined Weak Reference
    __arm_fini_                               - Undefined Weak Reference
    __arm_preinit_                            - Undefined Weak Reference
    __cpp_initialize__aeabi_                  - Undefined Weak Reference
    __cxa_finalize                            - Undefined Weak Reference
    __rt_locale                               - Undefined Weak Reference
    __sigvec_lookup                           - Undefined Weak Reference
    _atexit_init                              - Undefined Weak Reference
    _call_atexit_fns                          - Undefined Weak Reference
    _clock_init                               - Undefined Weak Reference
    _fp_trap_init                             - Undefined Weak Reference
    _fp_trap_shutdown                         - Undefined Weak Reference
    _get_lc_collate                           - Undefined Weak Reference
    _get_lc_ctype                             - Undefined Weak Reference
    _get_lc_monetary                          - Undefined Weak Reference
    _get_lc_numeric                           - Undefined Weak Reference
    _get_lc_time                              - Undefined Weak Reference
    _getenv_init                              - Undefined Weak Reference
    _handle_redirection                       - Undefined Weak Reference
    _init_alloc                               - Undefined Weak Reference
    _init_user_alloc                          - Undefined Weak Reference
    _initio                                   - Undefined Weak Reference
    _rand_init                                - Undefined Weak Reference
    _signal_finish                            - Undefined Weak Reference
    _signal_init                              - Undefined Weak Reference
    _terminate_alloc                          - Undefined Weak Reference
    _terminate_user_alloc                     - Undefined Weak Reference
    _terminateio                              - Undefined Weak Reference
    __Vectors_Size                           0x000000ec   Number         0  startup_stm32f10x_md.o ABSOLUTE
    __Vectors                                0x08000000   Data           4  startup_stm32f10x_md.o(RESET)
    __Vectors_End                            0x080000ec   Data           0  startup_stm32f10x_md.o(RESET)
    __main                                   0x080000ed   Thumb Code     8  __main.o(!!!main)
    __scatterload                            0x080000f5   Thumb Code     0  __scatter.o(!!!scatter)
    __scatterload_rt2                        0x080000f5   Thumb Code    44  __scatter.o(!!!scatter)
    __scatterload_rt2_thumb_only             0x080000f5   Thumb Code     0  __scatter.o(!!!scatter)
    __scatterload_null                       0x08000103   Thumb Code     0  __scatter.o(!!!scatter)
    __scatterload_copy                       0x08000129   Thumb Code    26  __scatter_copy.o(!!handler_copy)
    __scatterload_zeroinit                   0x08000145   Thumb Code    28  __scatter_zi.o(!!handler_zi)
    __rt_lib_init                            0x08000161   Thumb Code     0  libinit.o(.ARM.Collect$$libinit$$00000000)
    __rt_lib_init_alloca_1                   0x08000163   Thumb Code     0  libinit2.o(.ARM.Collect$$libinit$$0000002E)
    __rt_lib_init_argv_1                     0x08000163   Thumb Code     0  libinit2.o(.ARM.Collect$$libinit$$0000002C)
    __rt_lib_init_atexit_1                   0x08000163   Thumb Code     0  libinit2.o(.ARM.Collect$$libinit$$0000001B)
    __rt_lib_init_clock_1                    0x08000163   Thumb Code     0  libinit2.o(.ARM.Collect$$libinit$$00000021)
    __rt_lib_init_cpp_1                      0x08000163   Thumb Code     0  libinit2.o(.ARM.Collect$$libinit$$00000032)
    __rt_lib_init_exceptions_1               0x08000163   Thumb Code     0  libinit2.o(.ARM.Collect$$libinit$$00000030)
    __rt_lib_init_fp_1                       0x08000163   Thumb Code     0  libinit2.o(.ARM.Collect$$libinit$$00000002)
    __rt_lib_init_fp_trap_1                  0x08000163   Thumb Code     0  libinit2.o(.ARM.Collect$$libinit$$0000001F)
    __rt_lib_init_getenv_1                   0x08000163   Thumb Code     0  libinit2.o(.ARM.Collect$$libinit$$00000023)
    __rt_lib_init_heap_1                     0x08000163   Thumb Code     0  libinit2.o(.ARM.Collect$$libinit$$0000000A)
    __rt_lib_init_lc_collate_1               0x08000163   Thumb Code     0  libinit2.o(.ARM.Collect$$libinit$$00000011)
    __rt_lib_init_lc_ctype_1                 0x08000163   Thumb Code     0  libinit2.o(.ARM.Collect$$libinit$$00000013)
    __rt_lib_init_lc_monetary_1              0x08000163   Thumb Code     0  libinit2.o(.ARM.Collect$$libinit$$00000015)
    __rt_lib_init_lc_numeric_1               0x08000163   Thumb Code     0  libinit2.o(.ARM.Collect$$libinit$$00000017)
    __rt_lib_init_lc_time_1                  0x08000163   Thumb Code     0  libinit2.o(.ARM.Collect$$libinit$$00000019)
    __rt_lib_init_preinit_1                  0x08000163   Thumb Code     0  libinit2.o(.ARM.Collect$$libinit$$00000004)
    __rt_lib_init_rand_1                     0x08000163   Thumb Code     0  libinit2.o(.ARM.Collect$$libinit$$0000000E)
    __rt_lib_init_return                     0x08000163   Thumb Code     0  libinit2.o(.ARM.Collect$$libinit$$00000033)
    __rt_lib_init_signal_1                   0x08000163   Thumb Code     0  libinit2.o(.ARM.Collect$$libinit$$0000001D)
    __rt_lib_init_stdio_1                    0x08000163   Thumb Code     0  libinit2.o(.ARM.Collect$$libinit$$00000025)
    __rt_lib_init_user_alloc_1               0x08000163   Thumb Code     0  libinit2.o(.ARM.Collect$$libinit$$0000000C)
    __rt_lib_shutdown                        0x08000165   Thumb Code     0  libshutdown.o(.ARM.Collect$$libshutdown$$00000000)
    __rt_lib_shutdown_cpp_1                  0x08000167   Thumb Code     0  libshutdown2.o(.ARM.Collect$$libshutdown$$00000004)
    __rt_lib_shutdown_fini_1                 0x08000167   Thumb Code     0  libshutdown2.o(.ARM.Collect$$libshutdown$$00000002)
    __rt_lib_shutdown_fp_trap_1              0x08000167   Thumb Code     0  libshutdown2.o(.ARM.Collect$$libshutdown$$00000009)
    __rt_lib_shutdown_heap_1                 0x08000167   Thumb Code     0  libshutdown2.o(.ARM.Collect$$libshutdown$$00000011)
    __rt_lib_shutdown_return                 0x08000167   Thumb Code     0  libshutdown2.o(.ARM.Collect$$libshutdown$$00000012)
    __rt_lib_shutdown_signal_1               0x08000167   Thumb Code     0  libshutdown2.o(.ARM.Collect$$libshutdown$$0000000C)
    __rt_lib_shutdown_stdio_1                0x08000167   Thumb Code     0  libshutdown2.o(.ARM.Collect$$libshutdown$$00000006)
    __rt_lib_shutdown_user_alloc_1           0x08000167   Thumb Code     0  libshutdown2.o(.ARM.Collect$$libshutdown$$0000000E)
    __rt_entry                               0x08000169   Thumb Code     0  __rtentry.o(.ARM.Collect$$rtentry$$00000000)
    __rt_entry_presh_1                       0x08000169   Thumb Code     0  __rtentry2.o(.ARM.Collect$$rtentry$$00000002)
    __rt_entry_sh                            0x08000169   Thumb Code     0  __rtentry4.o(.ARM.Collect$$rtentry$$00000004)
    __rt_entry_li                            0x0800016f   Thumb Code     0  __rtentry2.o(.ARM.Collect$$rtentry$$0000000A)
    __rt_entry_postsh_1                      0x0800016f   Thumb Code     0  __rtentry2.o(.ARM.Collect$$rtentry$$00000009)
    __rt_entry_main                          0x08000173   Thumb Code     0  __rtentry2.o(.ARM.Collect$$rtentry$$0000000D)
    __rt_entry_postli_1                      0x08000173   Thumb Code     0  __rtentry2.o(.ARM.Collect$$rtentry$$0000000C)
    __rt_exit                                0x0800017b   Thumb Code     0  rtexit.o(.ARM.Collect$$rtexit$$00000000)
    __rt_exit_ls                             0x0800017d   Thumb Code     0  rtexit2.o(.ARM.Collect$$rtexit$$00000003)
    __rt_exit_prels_1                        0x0800017d   Thumb Code     0  rtexit2.o(.ARM.Collect$$rtexit$$00000002)
    __rt_exit_exit                           0x08000181   Thumb Code     0  rtexit2.o(.ARM.Collect$$rtexit$$00000004)
    Reset_Handler                            0x08000189   Thumb Code     8  startup_stm32f10x_md.o(.text)
    NMI_Handler                              0x08000191   Thumb Code     2  startup_stm32f10x_md.o(.text)
    HardFault_Handler                        0x08000193   Thumb Code     2  startup_stm32f10x_md.o(.text)
    MemManage_Handler                        0x08000195   Thumb Code     2  startup_stm32f10x_md.o(.text)
    BusFault_Handler                         0x08000197   Thumb Code     2  startup_stm32f10x_md.o(.text)
    UsageFault_Handler                       0x08000199   Thumb Code     2  startup_stm32f10x_md.o(.text)
    SVC_Handler                              0x0800019b   Thumb Code     2  startup_stm32f10x_md.o(.text)
    DebugMon_Handler                         0x0800019d   Thumb Code     2  startup_stm32f10x_md.o(.text)
    PendSV_Handler                           0x0800019f   Thumb Code     2  startup_stm32f10x_md.o(.text)
    SysTick_Handler                          0x080001a1   Thumb Code     2  startup_stm32f10x_md.o(.text)
    ADC1_2_IRQHandler                        0x080001a3   Thumb Code     0  startup_stm32f10x_md.o(.text)
    CAN1_RX1_IRQHandler                      0x080001a3   Thumb Code     0  startup_stm32f10x_md.o(.text)
    CAN1_SCE_IRQHandler                      0x080001a3   Thumb Code     0  startup_stm32f10x_md.o(.text)
    DMA1_Channel1_IRQHandler                 0x080001a3   Thumb Code     0  startup_stm32f10x_md.o(.text)
    DMA1_Channel2_IRQHandler                 0x080001a3   Thumb Code     0  startup_stm32f10x_md.o(.text)
    DMA1_Channel3_IRQHandler                 0x080001a3   Thumb Code     0  startup_stm32f10x_md.o(.text)
    DMA1_Channel4_IRQHandler                 0x080001a3   Thumb Code     0  startup_stm32f10x_md.o(.text)
    DMA1_Channel5_IRQHandler                 0x080001a3   Thumb Code     0  startup_stm32f10x_md.o(.text)
    DMA1_Channel6_IRQHandler                 0x080001a3   Thumb Code     0  startup_stm32f10x_md.o(.text)
    DMA1_Channel7_IRQHandler                 0x080001a3   Thumb Code     0  startup_stm32f10x_md.o(.text)
    EXTI0_IRQHandler                         0x080001a3   Thumb Code     0  startup_stm32f10x_md.o(.text)
    EXTI15_10_IRQHandler                     0x080001a3   Thumb Code     0  startup_stm32f10x_md.o(.text)
    EXTI1_IRQHandler                         0x080001a3   Thumb Code     0  startup_stm32f10x_md.o(.text)
    EXTI2_IRQHandler                         0x080001a3   Thumb Code     0  startup_stm32f10x_md.o(.text)
    EXTI3_IRQHandler                         0x080001a3   Thumb Code     0  startup_stm32f10x_md.o(.text)
    EXTI4_IRQHandler                         0x080001a3   Thumb Code     0  startup_stm32f10x_md.o(.text)
    EXTI9_5_IRQHandler                       0x080001a3   Thumb Code     0  startup_stm32f10x_md.o(.text)
    FLASH_IRQHandler                         0x080001a3   Thumb Code     0  startup_stm32f10x_md.o(.text)
    I2C1_ER_IRQHandler                       0x080001a3   Thumb Code     0  startup_stm32f10x_md.o(.text)
    I2C1_EV_IRQHandler                       0x080001a3   Thumb Code     0  startup_stm32f10x_md.o(.text)
    I2C2_ER_IRQHandler                       0x080001a3   Thumb Code     0  startup_stm32f10x_md.o(.text)
    I2C2_EV_IRQHandler                       0x080001a3   Thumb Code     0  startup_stm32f10x_md.o(.text)
    PVD_IRQHandler                           0x080001a3   Thumb Code     0  startup_stm32f10x_md.o(.text)
    RCC_IRQHandler                           0x080001a3   Thumb Code     0  startup_stm32f10x_md.o(.text)
    RTCAlarm_IRQHandler                      0x080001a3   Thumb Code     0  startup_stm32f10x_md.o(.text)
    RTC_IRQHandler                           0x080001a3   Thumb Code     0  startup_stm32f10x_md.o(.text)
    SPI1_IRQHandler                          0x080001a3   Thumb Code     0  startup_stm32f10x_md.o(.text)
    SPI2_IRQHandler                          0x080001a3   Thumb Code     0  startup_stm32f10x_md.o(.text)
    TAMPER_IRQHandler                        0x080001a3   Thumb Code     0  startup_stm32f10x_md.o(.text)
    TIM1_BRK_IRQHandler                      0x080001a3   Thumb Code     0  startup_stm32f10x_md.o(.text)
    TIM1_CC_IRQHandler                       0x080001a3   Thumb Code     0  startup_stm32f10x_md.o(.text)
    TIM1_TRG_COM_IRQHandler                  0x080001a3   Thumb Code     0  startup_stm32f10x_md.o(.text)
    TIM1_UP_IRQHandler                       0x080001a3   Thumb Code     0  startup_stm32f10x_md.o(.text)
    TIM2_IRQHandler                          0x080001a3   Thumb Code     0  startup_stm32f10x_md.o(.text)
    TIM3_IRQHandler                          0x080001a3   Thumb Code     0  startup_stm32f10x_md.o(.text)
    TIM4_IRQHandler                          0x080001a3   Thumb Code     0  startup_stm32f10x_md.o(.text)
    USART1_IRQHandler                        0x080001a3   Thumb Code     0  startup_stm32f10x_md.o(.text)
    USART2_IRQHandler                        0x080001a3   Thumb Code     0  startup_stm32f10x_md.o(.text)
    USART3_IRQHandler                        0x080001a3   Thumb Code     0  startup_stm32f10x_md.o(.text)
    USBWakeUp_IRQHandler                     0x080001a3   Thumb Code     0  startup_stm32f10x_md.o(.text)
    USB_HP_CAN1_TX_IRQHandler                0x080001a3   Thumb Code     0  startup_stm32f10x_md.o(.text)
    USB_LP_CAN1_RX0_IRQHandler               0x080001a3   Thumb Code     0  startup_stm32f10x_md.o(.text)
    WWDG_IRQHandler                          0x080001a3   Thumb Code     0  startup_stm32f10x_md.o(.text)
    __user_initial_stackheap                 0x080001a5   Thumb Code     0  startup_stm32f10x_md.o(.text)
    __use_two_region_memory                  0x080001c9   Thumb Code     2  heapauxi.o(.text)
    __rt_heap_escrow$2region                 0x080001cb   Thumb Code     2  heapauxi.o(.text)
    __rt_heap_expand$2region                 0x080001cd   Thumb Code     2  heapauxi.o(.text)
    __user_setup_stackheap                   0x080001cf   Thumb Code    74  sys_stackheap_outer.o(.text)
    exit                                     0x08000219   Thumb Code    18  exit.o(.text)
    __user_libspace                          0x0800022d   Thumb Code     8  libspace.o(.text)
    __user_perproc_libspace                  0x0800022d   Thumb Code     0  libspace.o(.text)
    __user_perthread_libspace                0x0800022d   Thumb Code     0  libspace.o(.text)
    _sys_exit                                0x08000235   Thumb Code     8  sys_exit.o(.text)
    __I$use$semihosting                      0x08000241   Thumb Code     0  use_no_semi.o(.text)
    __use_no_semihosting_swi                 0x08000241   Thumb Code     2  use_no_semi.o(.text)
    CaptureorCompare_ENABLE                  0x08000243   Thumb Code    18  stm32f103c_timer_driver.o(i.CaptureorCompare_ENABLE)
    __semihosting_library_function           0x08000243   Thumb Code     0  indicate_semi.o(.text)
    ENCODERinit                              0x08000255   Thumb Code   106  encoder.o(i.ENCODERinit)
    GPIO_init                                0x080002c5   Thumb Code   194  stm32f103c8t6_gpio_driver.o(i.GPIO_init)
    GPIO_periclockcontrol                    0x08000389   Thumb Code   284  stm32f103c8t6_gpio_driver.o(i.GPIO_periclockcontrol)
    PID_controller_speed                     0x080004c5   Thumb Code   244  encoder.o(i.PID_controller_speed)
    SystemInit                               0x080006d9   Thumb Code    78  system_stm32f10x.o(i.SystemInit)
    TIMER_countercontrol                     0x08000739   Thumb Code    24  stm32f103c_timer_driver.o(i.TIMER_countercontrol)
    TIMER_init                               0x08000751   Thumb Code   380  stm32f103c_timer_driver.o(i.TIMER_init)
    TIMER_periclockcontrol                   0x080008d1   Thumb Code   164  stm32f103c_timer_driver.o(i.TIMER_periclockcontrol)
    USART2config_send                        0x08000985   Thumb Code    84  encoder.o(i.USART2config_send)
    USART_SendData                           0x080009e1   Thumb Code    40  stm32f103c_usart_driver.o(i.USART_SendData)
    USART_getflagstatus                      0x08000a0d   Thumb Code    16  stm32f103c_usart_driver.o(i.USART_getflagstatus)
    USART_init                               0x08000a1d   Thumb Code   276  stm32f103c_usart_driver.o(i.USART_init)
    USART_periclockcontrol                   0x08000b31   Thumb Code   124  stm32f103c_usart_driver.o(i.USART_periclockcontrol)
    USART_peripherialcontrol                 0x08000bbd   Thumb Code    24  stm32f103c_usart_driver.o(i.USART_peripherialcontrol)
    USART_set_baudrate                       0x08000bd5   Thumb Code   140  stm32f103c_usart_driver.o(i.USART_set_baudrate)
    main                                     0x08000c6d   Thumb Code    82  encoder.o(i.main)
    __aeabi_dadd                             0x08000cc9   Thumb Code     0  daddsub_clz.o(x$fpl$dadd)
    _dadd                                    0x08000cc9   Thumb Code   332  daddsub_clz.o(x$fpl$dadd)
    __fpl_dcmp_Inf                           0x08000e19   Thumb Code    24  dcmpi.o(x$fpl$dcmpinf)
    __aeabi_cdcmpeq                          0x08000e31   Thumb Code     0  deqf.o(x$fpl$deqf)
    _dcmpeq                                  0x08000e31   Thumb Code   120  deqf.o(x$fpl$deqf)
    __aeabi_d2uiz                            0x08000ea9   Thumb Code     0  dfixu.o(x$fpl$dfixu)
    _dfixu                                   0x08000ea9   Thumb Code    90  dfixu.o(x$fpl$dfixu)
    __aeabi_i2d                              0x08000f03   Thumb Code     0  dflt_clz.o(x$fpl$dflt)
    _dflt                                    0x08000f03   Thumb Code    46  dflt_clz.o(x$fpl$dflt)
    __aeabi_cdcmple                          0x08000f31   Thumb Code     0  dleqf.o(x$fpl$dleqf)
    _dcmple                                  0x08000f31   Thumb Code   120  dleqf.o(x$fpl$dleqf)
    __fpl_dcmple_InfNaN                      0x08000f93   Thumb Code     0  dleqf.o(x$fpl$dleqf)
    __aeabi_dmul                             0x08000fa9   Thumb Code     0  dmul.o(x$fpl$dmul)
    _dmul                                    0x08000fa9   Thumb Code   332  dmul.o(x$fpl$dmul)
    __fpl_dnaninf                            0x080010fd   Thumb Code   156  dnaninf.o(x$fpl$dnaninf)
    __fpl_dretinf                            0x08001199   Thumb Code    12  dretinf.o(x$fpl$dretinf)
    __aeabi_cdrcmple                         0x080011a5   Thumb Code     0  drleqf.o(x$fpl$drleqf)
    _drcmple                                 0x080011a5   Thumb Code   108  drleqf.o(x$fpl$drleqf)
    __aeabi_drsub                            0x08001211   Thumb Code     0  daddsub_clz.o(x$fpl$drsb)
    _drsb                                    0x08001211   Thumb Code    22  daddsub_clz.o(x$fpl$drsb)
    __aeabi_dsub                             0x08001229   Thumb Code     0  daddsub_clz.o(x$fpl$dsub)
    _dsub                                    0x08001229   Thumb Code   464  daddsub_clz.o(x$fpl$dsub)
    Region$$Table$$Base                      0x080013fc   Number         0  anon$$obj.o(Region$$Table)
    __I$use$fp                               0x080013fc   Number         0  usenofp.o(x$fpl$usenofp)
    Region$$Table$$Limit                     0x0800141c   Number         0  anon$$obj.o(Region$$Table)
    preverror                                0x20000000   Data           8  encoder.o(.data)
    rate                                     0x20000008   Data           8  encoder.o(.data)
    speed                                    0x20000010   Data           8  encoder.o(.data)
    integrator                               0x20000018   Data           8  encoder.o(.data)
    error                                    0x20000020   Data           8  encoder.o(.data)
    proportional                             0x20000028   Data           8  encoder.o(.data)
    integral                                 0x20000030   Data           8  encoder.o(.data)
    derivative                               0x20000038   Data           8  encoder.o(.data)
    stop                                     0x20000040   Data           4  encoder.o(.data)
    __libspace_start                         0x20000044   Data          96  libspace.o(.bss)
    __temporary_stack_top$libspace           0x200000a4   Data           0  libspace.o(.bss)



==============================================================================

Memory Map of the image

  Image Entry point : 0x08000189

  Load Region LR_1 (Base: 0x08000000, Size: 0x00001460, Max: 0xffffffff, ABSOLUTE)

    Execution Region ER_RO (Exec base: 0x08000000, Load base: 0x08000000, Size: 0x0000141c, Max: 0xffffffff, ABSOLUTE)

    Exec Addr    Load Addr    Size         Type   Attr      Idx    E Section Name        Object

    0x08000000   0x08000000   0x000000ec   Data   RO          321    RESET               startup_stm32f10x_md.o
    0x080000ec   0x080000ec   0x00000008   Code   RO          376  * !!!main             c_w.l(__main.o)
    0x080000f4   0x080000f4   0x00000034   Code   RO          566    !!!scatter          c_w.l(__scatter.o)
    0x08000128   0x08000128   0x0000001a   Code   RO          568    !!handler_copy      c_w.l(__scatter_copy.o)
    0x08000142   0x08000142   0x00000002   PAD
    0x08000144   0x08000144   0x0000001c   Code   RO          570    !!handler_zi        c_w.l(__scatter_zi.o)
    0x08000160   0x08000160   0x00000002   Code   RO          434    .ARM.Collect$$libinit$$00000000  c_w.l(libinit.o)
    0x08000162   0x08000162   0x00000000   Code   RO          441    .ARM.Collect$$libinit$$00000002  c_w.l(libinit2.o)
    0x08000162   0x08000162   0x00000000   Code   RO          443    .ARM.Collect$$libinit$$00000004  c_w.l(libinit2.o)
    0x08000162   0x08000162   0x00000000   Code   RO          446    .ARM.Collect$$libinit$$0000000A  c_w.l(libinit2.o)
    0x08000162   0x08000162   0x00000000   Code   RO          448    .ARM.Collect$$libinit$$0000000C  c_w.l(libinit2.o)
    0x08000162   0x08000162   0x00000000   Code   RO          450    .ARM.Collect$$libinit$$0000000E  c_w.l(libinit2.o)
    0x08000162   0x08000162   0x00000000   Code   RO          453    .ARM.Collect$$libinit$$00000011  c_w.l(libinit2.o)
    0x08000162   0x08000162   0x00000000   Code   RO          455    .ARM.Collect$$libinit$$00000013  c_w.l(libinit2.o)
    0x08000162   0x08000162   0x00000000   Code   RO          457    .ARM.Collect$$libinit$$00000015  c_w.l(libinit2.o)
    0x08000162   0x08000162   0x00000000   Code   RO          459    .ARM.Collect$$libinit$$00000017  c_w.l(libinit2.o)
    0x08000162   0x08000162   0x00000000   Code   RO          461    .ARM.Collect$$libinit$$00000019  c_w.l(libinit2.o)
    0x08000162   0x08000162   0x00000000   Code   RO          463    .ARM.Collect$$libinit$$0000001B  c_w.l(libinit2.o)
    0x08000162   0x08000162   0x00000000   Code   RO          465    .ARM.Collect$$libinit$$0000001D  c_w.l(libinit2.o)
    0x08000162   0x08000162   0x00000000   Code   RO          467    .ARM.Collect$$libinit$$0000001F  c_w.l(libinit2.o)
    0x08000162   0x08000162   0x00000000   Code   RO          469    .ARM.Collect$$libinit$$00000021  c_w.l(libinit2.o)
    0x08000162   0x08000162   0x00000000   Code   RO          471    .ARM.Collect$$libinit$$00000023  c_w.l(libinit2.o)
    0x08000162   0x08000162   0x00000000   Code   RO          473    .ARM.Collect$$libinit$$00000025  c_w.l(libinit2.o)
    0x08000162   0x08000162   0x00000000   Code   RO          477    .ARM.Collect$$libinit$$0000002C  c_w.l(libinit2.o)
    0x08000162   0x08000162   0x00000000   Code   RO          479    .ARM.Collect$$libinit$$0000002E  c_w.l(libinit2.o)
    0x08000162   0x08000162   0x00000000   Code   RO          481    .ARM.Collect$$libinit$$00000030  c_w.l(libinit2.o)
    0x08000162   0x08000162   0x00000000   Code   RO          483    .ARM.Collect$$libinit$$00000032  c_w.l(libinit2.o)
    0x08000162   0x08000162   0x00000002   Code   RO          484    .ARM.Collect$$libinit$$00000033  c_w.l(libinit2.o)
    0x08000164   0x08000164   0x00000002   Code   RO          504    .ARM.Collect$$libshutdown$$00000000  c_w.l(libshutdown.o)
    0x08000166   0x08000166   0x00000000   Code   RO          517    .ARM.Collect$$libshutdown$$00000002  c_w.l(libshutdown2.o)
    0x08000166   0x08000166   0x00000000   Code   RO          519    .ARM.Collect$$libshutdown$$00000004  c_w.l(libshutdown2.o)
    0x08000166   0x08000166   0x00000000   Code   RO          521    .ARM.Collect$$libshutdown$$00000006  c_w.l(libshutdown2.o)
    0x08000166   0x08000166   0x00000000   Code   RO          524    .ARM.Collect$$libshutdown$$00000009  c_w.l(libshutdown2.o)
    0x08000166   0x08000166   0x00000000   Code   RO          527    .ARM.Collect$$libshutdown$$0000000C  c_w.l(libshutdown2.o)
    0x08000166   0x08000166   0x00000000   Code   RO          529    .ARM.Collect$$libshutdown$$0000000E  c_w.l(libshutdown2.o)
    0x08000166   0x08000166   0x00000000   Code   RO          532    .ARM.Collect$$libshutdown$$00000011  c_w.l(libshutdown2.o)
    0x08000166   0x08000166   0x00000002   Code   RO          533    .ARM.Collect$$libshutdown$$00000012  c_w.l(libshutdown2.o)
    0x08000168   0x08000168   0x00000000   Code   RO          402    .ARM.Collect$$rtentry$$00000000  c_w.l(__rtentry.o)
    0x08000168   0x08000168   0x00000000   Code   RO          411    .ARM.Collect$$rtentry$$00000002  c_w.l(__rtentry2.o)
    0x08000168   0x08000168   0x00000006   Code   RO          423    .ARM.Collect$$rtentry$$00000004  c_w.l(__rtentry4.o)
    0x0800016e   0x0800016e   0x00000000   Code   RO          413    .ARM.Collect$$rtentry$$00000009  c_w.l(__rtentry2.o)
    0x0800016e   0x0800016e   0x00000004   Code   RO          414    .ARM.Collect$$rtentry$$0000000A  c_w.l(__rtentry2.o)
    0x08000172   0x08000172   0x00000000   Code   RO          416    .ARM.Collect$$rtentry$$0000000C  c_w.l(__rtentry2.o)
    0x08000172   0x08000172   0x00000008   Code   RO          417    .ARM.Collect$$rtentry$$0000000D  c_w.l(__rtentry2.o)
    0x0800017a   0x0800017a   0x00000002   Code   RO          438    .ARM.Collect$$rtexit$$00000000  c_w.l(rtexit.o)
    0x0800017c   0x0800017c   0x00000000   Code   RO          486    .ARM.Collect$$rtexit$$00000002  c_w.l(rtexit2.o)
    0x0800017c   0x0800017c   0x00000004   Code   RO          487    .ARM.Collect$$rtexit$$00000003  c_w.l(rtexit2.o)
    0x08000180   0x08000180   0x00000006   Code   RO          488    .ARM.Collect$$rtexit$$00000004  c_w.l(rtexit2.o)
    0x08000186   0x08000186   0x00000002   PAD
    0x08000188   0x08000188   0x00000040   Code   RO          322  * .text               startup_stm32f10x_md.o
    0x080001c8   0x080001c8   0x00000006   Code   RO          374    .text               c_w.l(heapauxi.o)
    0x080001ce   0x080001ce   0x0000004a   Code   RO          425    .text               c_w.l(sys_stackheap_outer.o)
    0x08000218   0x08000218   0x00000012   Code   RO          427    .text               c_w.l(exit.o)
    0x0800022a   0x0800022a   0x00000002   PAD
    0x0800022c   0x0800022c   0x00000008   Code   RO          435    .text               c_w.l(libspace.o)
    0x08000234   0x08000234   0x0000000c   Code   RO          496    .text               c_w.l(sys_exit.o)
    0x08000240   0x08000240   0x00000002   Code   RO          507    .text               c_w.l(use_no_semi.o)
    0x08000242   0x08000242   0x00000000   Code   RO          509    .text               c_w.l(indicate_semi.o)
    0x08000242   0x08000242   0x00000012   Code   RO          106    i.CaptureorCompare_ENABLE  stm32f103c_timer_driver.o
    0x08000254   0x08000254   0x00000070   Code   RO          266    i.ENCODERinit       encoder.o
    0x080002c4   0x080002c4   0x000000c2   Code   RO            9    i.GPIO_init         stm32f103c8t6_gpio_driver.o
    0x08000386   0x08000386   0x00000002   PAD
    0x08000388   0x08000388   0x0000013c   Code   RO           11    i.GPIO_periclockcontrol  stm32f103c8t6_gpio_driver.o
    0x080004c4   0x080004c4   0x0000012c   Code   RO          267    i.PID_controller_speed  encoder.o
    0x080005f0   0x080005f0   0x00000008   Code   RO          329    i.SetSysClock       system_stm32f10x.o
    0x080005f8   0x080005f8   0x000000e0   Code   RO          330    i.SetSysClockTo72   system_stm32f10x.o
    0x080006d8   0x080006d8   0x00000060   Code   RO          332    i.SystemInit        system_stm32f10x.o
    0x08000738   0x08000738   0x00000018   Code   RO          110    i.TIMER_countercontrol  stm32f103c_timer_driver.o
    0x08000750   0x08000750   0x00000180   Code   RO          113    i.TIMER_init        stm32f103c_timer_driver.o
    0x080008d0   0x080008d0   0x000000b4   Code   RO          114    i.TIMER_periclockcontrol  stm32f103c_timer_driver.o
    0x08000984   0x08000984   0x0000005c   Code   RO          268    i.USART2config_send  encoder.o
    0x080009e0   0x080009e0   0x0000002c   Code   RO          191    i.USART_SendData    stm32f103c_usart_driver.o
    0x08000a0c   0x08000a0c   0x00000010   Code   RO          192    i.USART_getflagstatus  stm32f103c_usart_driver.o
    0x08000a1c   0x08000a1c   0x00000114   Code   RO          193    i.USART_init        stm32f103c_usart_driver.o
    0x08000b30   0x08000b30   0x0000008c   Code   RO          194    i.USART_periclockcontrol  stm32f103c_usart_driver.o
    0x08000bbc   0x08000bbc   0x00000018   Code   RO          195    i.USART_peripherialcontrol  stm32f103c_usart_driver.o
    0x08000bd4   0x08000bd4   0x00000098   Code   RO          197    i.USART_set_baudrate  stm32f103c_usart_driver.o
    0x08000c6c   0x08000c6c   0x0000005c   Code   RO          269    i.main              encoder.o
    0x08000cc8   0x08000cc8   0x00000150   Code   RO          378    x$fpl$dadd          fz_ws.l(daddsub_clz.o)
    0x08000e18   0x08000e18   0x00000018   Code   RO          403    x$fpl$dcmpinf       fz_ws.l(dcmpi.o)
    0x08000e30   0x08000e30   0x00000078   Code   RO          384    x$fpl$deqf          fz_ws.l(deqf.o)
    0x08000ea8   0x08000ea8   0x0000005a   Code   RO          386    x$fpl$dfixu         fz_ws.l(dfixu.o)
    0x08000f02   0x08000f02   0x0000002e   Code   RO          391    x$fpl$dflt          fz_ws.l(dflt_clz.o)
    0x08000f30   0x08000f30   0x00000078   Code   RO          396    x$fpl$dleqf         fz_ws.l(dleqf.o)
    0x08000fa8   0x08000fa8   0x00000154   Code   RO          398    x$fpl$dmul          fz_ws.l(dmul.o)
    0x080010fc   0x080010fc   0x0000009c   Code   RO          405    x$fpl$dnaninf       fz_ws.l(dnaninf.o)
    0x08001198   0x08001198   0x0000000c   Code   RO          407    x$fpl$dretinf       fz_ws.l(dretinf.o)
    0x080011a4   0x080011a4   0x0000006c   Code   RO          400    x$fpl$drleqf        fz_ws.l(drleqf.o)
    0x08001210   0x08001210   0x00000016   Code   RO          379    x$fpl$drsb          fz_ws.l(daddsub_clz.o)
    0x08001226   0x08001226   0x00000002   PAD
    0x08001228   0x08001228   0x000001d4   Code   RO          380    x$fpl$dsub          fz_ws.l(daddsub_clz.o)
    0x080013fc   0x080013fc   0x00000000   Code   RO          409    x$fpl$usenofp       fz_ws.l(usenofp.o)
    0x080013fc   0x080013fc   0x00000020   Data   RO          564    Region$$Table       anon$$obj.o


    Execution Region ER_RW (Exec base: 0x20000000, Load base: 0x0800141c, Size: 0x00000044, Max: 0xffffffff, ABSOLUTE)

    Exec Addr    Load Addr    Size         Type   Attr      Idx    E Section Name        Object

    0x20000000   0x0800141c   0x00000044   Data   RW          270    .data               encoder.o


    Execution Region ER_ZI (Exec base: 0x20000044, Load base: 0x08001460, Size: 0x00000664, Max: 0xffffffff, ABSOLUTE)

    Exec Addr    Load Addr    Size         Type   Attr      Idx    E Section Name        Object

    0x20000044        -       0x00000060   Zero   RW          436    .bss                c_w.l(libspace.o)
    0x200000a4   0x08001460   0x00000004   PAD
    0x200000a8        -       0x00000200   Zero   RW          320    HEAP                startup_stm32f10x_md.o
    0x200002a8        -       0x00000400   Zero   RW          319    STACK               startup_stm32f10x_md.o


==============================================================================

Image component sizes


      Code (inc. data)   RO Data    RW Data    ZI Data      Debug   Object Name

       596         80          0         68          0       2394   encoder.o
        64         26        236          0       1536        788   startup_stm32f10x_md.o
       510         32          0          0          0     212208   stm32f103c8t6_gpio_driver.o
       606         20          0          0          0       5479   stm32f103c_timer_driver.o
       652         32          0          0          0       5689   stm32f103c_usart_driver.o
       328         28          0          0          0       2005   system_stm32f10x.o

    ----------------------------------------------------------------------
      2758        218        268         68       1536     228563   Object Totals
         0          0         32          0          0          0   (incl. Generated)
         2          0          0          0          0          0   (incl. Padding)

    ----------------------------------------------------------------------

      Code (inc. data)   RO Data    RW Data    ZI Data      Debug   Library Member Name

         8          0          0          0          0         68   __main.o
         0          0          0          0          0          0   __rtentry.o
        12          0          0          0          0          0   __rtentry2.o
         6          0          0          0          0          0   __rtentry4.o
        52          8          0          0          0          0   __scatter.o
        26          0          0          0          0          0   __scatter_copy.o
        28          0          0          0          0          0   __scatter_zi.o
        18          0          0          0          0         80   exit.o
         6          0          0          0          0        152   heapauxi.o
         0          0          0          0          0          0   indicate_semi.o
         2          0          0          0          0          0   libinit.o
         2          0          0          0          0          0   libinit2.o
         2          0          0          0          0          0   libshutdown.o
         2          0          0          0          0          0   libshutdown2.o
         8          4          0          0         96         68   libspace.o
         2          0          0          0          0          0   rtexit.o
        10          0          0          0          0          0   rtexit2.o
        12          4          0          0          0         68   sys_exit.o
        74          0          0          0          0         80   sys_stackheap_outer.o
         2          0          0          0          0         68   use_no_semi.o
       826         16          0          0          0        348   daddsub_clz.o
        24          0          0          0          0         68   dcmpi.o
       120          4          0          0          0         92   deqf.o
        90          4          0          0          0         92   dfixu.o
        46          0          0          0          0         68   dflt_clz.o
       120          4          0          0          0         92   dleqf.o
       340         12          0          0          0        104   dmul.o
       156          4          0          0          0         92   dnaninf.o
        12          0          0          0          0         68   dretinf.o
       108          0          0          0          0         80   drleqf.o
         0          0          0          0          0          0   usenofp.o

    ----------------------------------------------------------------------
      2122         60          0          0        100       1688   Library Totals
         8          0          0          0          4          0   (incl. Padding)

    ----------------------------------------------------------------------

      Code (inc. data)   RO Data    RW Data    ZI Data      Debug   Library Name

       272         16          0          0         96        584   c_w.l
      1842         44          0          0          0       1104   fz_ws.l

    ----------------------------------------------------------------------
      2122         60          0          0        100       1688   Library Totals

    ----------------------------------------------------------------------

==============================================================================


      Code (inc. data)   RO Data    RW Data    ZI Data      Debug   

      4880        278        268         68       1636     228635   Grand Totals
      4880        278        268         68       1636     228635   ELF Image Totals
      4880        278        268         68          0          0   ROM Totals

==============================================================================

    Total RO  Size (Code + RO Data)                 5148 (   5.03kB)
    Total RW  Size (RW Data + ZI Data)              1704 (   1.66kB)
    Total ROM Size (Code + RO Data + RW Data)       5216 (   5.09kB)

==============================================================================

